// Jest Snapshot v1, https://jestjs.io/docs/snapshot-testing

exports[`<HomePage /> should render and match the snapshot 1`] = `
<div>
  <div />
  <div>
    <div>
      <h1
        class="ui header"
      >
        The future is brighter
        <div
          class="sub header"
        >
          <span>
            We don't ask you to care more.
          </span>
          <span>
            We just make sure caring pays.
          </span>
        </div>
      </h1>
      <a
        class="ui red large button"
        href="http://localhost:3001"
        role="button"
      >
        Start Now
      </a>
    </div>
    <div>
      <div>
        <h4
          class="ui header"
        >
          You’re Wealthier
        </h4>
        <p>
          It's the same way the rich get richer, just in reverse
        </p>
        <a
          data-discover="true"
          href="/#wealthier"
        >
          Learn More
          <div
            class="undefined x2spaceBefore"
          />
        </a>
      </div>
      <div>
        <h4
          class="ui header"
        >
          Earth’s Healthier
        </h4>
        <p>
          Climate action never lacked solutions. It lacked money. That's where we come in.
        </p>
        <a
          data-discover="true"
          href="/#healthier"
        >
          Learn More
          <div
            class="undefined x2spaceBefore"
          />
        </a>
      </div>
    </div>
  </div>
  <div>
    <div
      class="ui stackable center aligned middle aligned equal width grid"
    >
      <div
        class="row"
      >
        <div
          class="two wide column"
        >
          <h2>
            1200
          </h2>
          <h4>
            $
          </h4>
          <br />
          Average profit
        </div>
        <div
          class="computer only tablet only one wide column"
        >
          <hr />
        </div>
        <div
          class="two wide column"
        >
          <h2>
            50
          </h2>
          <h4>
            %
          </h4>
          <br />
          Footprint Offset
        </div>
        <div
          class="computer only tablet only one wide column"
        >
          <hr />
        </div>
        <div
          class="two wide column"
        >
          <h2>
            0
          </h2>
          <br />
          Excuses
        </div>
      </div>
    </div>
  </div>
  <div />
  <div
    id="wealthier"
  >
    <div>
      <h2
        class="ui header"
      >
        You’re Wealthier
        <div
          class="sub header x5spaceBefore"
        >
          Zero cost. Zero risk.
          <br />
          Time to build a better life.
          <br />
          We didn't believe it was possible until we built it. Here's how it works.
        </div>
      </h2>
    </div>
    <div>
      <div>
        <img
          src="[object Object]"
        />
        <h4
          class="ui header"
        >
          What does "Zero Cost" really mean?
        </h4>
        <p>
          No fees is easy. Earning on $0 is hard. Here's how we make something out of nothing.
        </p>
      </div>
      <div>
        <a
          data-discover="true"
          href="/blog/coming-soon"
        >
          This is our edge
          <div
            class="undefined x2spaceBefore"
          />
        </a>
      </div>
    </div>
    <div>
      <div>
        <img
          src="[object Object]"
        />
        <h4
          class="ui header"
        >
          Your Safety Net
        </h4>
        <p>
          Investing is a roller-coaster. Our account protection can put the floor back under your feet.
        </p>
      </div>
      <div>
        <a
          data-discover="true"
          href="/blog/coming-soon"
        >
          How to sleep easy
          <div
            class="undefined x2spaceBefore"
          />
        </a>
      </div>
    </div>
    <div>
      <img
        src="[object Object]"
      />
    </div>
    <div>
      <div>
        <img
          src="[object Object]"
        />
        <h4
          class="ui header"
        >
          It's about time
        </h4>
        <p>
          You'll never stop buying groceries. That could add $250000 to your retirement.
        </p>
      </div>
      <div>
        <a
          data-discover="true"
          href="/blog/think-investing-is-only-for-the-wealthy--think-again"
        >
          How Anyone Can Get Rich Slow
          <div
            class="undefined x2spaceBefore"
          />
        </a>
      </div>
    </div>
    <div>
      <div>
        <img
          src="[object Object]"
        />
        <h4
          class="ui header"
        >
          We all win when you win
        </h4>
        <p>
          We're a non-profit focused on climate action. That's why we have to be the most selfish choice. Yes, really.
        </p>
      </div>
      <div>
        <a
          data-discover="true"
          href="/blog/coming-soon"
        >
          The catch? There isn't one
          <div
            class="undefined x2spaceBefore"
          />
        </a>
      </div>
    </div>
  </div>
  <div>
    <h3
      class="ui header"
    >
      Building wealth takes time. Want to get started?
    </h3>
    <div>
      <a
        class="ui red large button"
        href="http://localhost:3001/#/addAccount"
        role="button"
      >
        Create Account
      </a>
    </div>
  </div>
  <div
    id="healthier"
  >
    <div>
      <img
        src="[object Object]"
      />
    </div>
    <div>
      <h2
        class="ui header"
      >
        Earth’s Healthier
        <div
          class="sub header x5spaceBefore"
        >
          <span>
            Money is the most powerful tool we have.
            <br />
            Let's make it work for us, for a change.
          </span>
        </div>
      </h2>
      <div>
        <div>
          <div>
            <img
              src="[object Object]"
            />
            <h4
              class="ui header"
            >
              Do What Matters
            </h4>
            <p>
              Offsetting CO2 is effective.
              <br />
              Extremely effective.
            </p>
          </div>
          <div>
            <a
              data-discover="true"
              href="/blog/coming-soon"
            >
              Compare Outcomes
              <div
                class="undefined x2spaceBefore"
              />
            </a>
          </div>
        </div>
        <div>
          <div>
            <img
              src="[object Object]"
            />
            <h4
              class="ui header"
            >
              Scientifically Verified
            </h4>
            <p>
              Prove it? We’d love to!
            </p>
          </div>
          <div>
            <a
              data-discover="true"
              href="/blog/coming-soon"
            >
              Why We Can Be So Confident
              <div
                class="undefined x2spaceBefore"
              />
            </a>
          </div>
        </div>
        <div>
          <div>
            <img
              src="[object Object]"
            />
            <h4
              class="ui header"
            >
              We Do More
            </h4>
            <p>
              It's more than CO2. We fund the changes we all know the world needs.
            </p>
          </div>
          <div>
            <a
              data-discover="true"
              href="/wedomore"
            >
              What We Do
              <div
                class="undefined x2spaceBefore"
              />
            </a>
          </div>
        </div>
      </div>
    </div>
  </div>
  <div
    class="undefined undefined "
  >
    <h3
      class="ui header"
    >
      Not a solution. A choice. Yours.
    </h3>
    <a
      class="ui red large button"
      href="http://localhost:3001/#/addAccount"
      role="button"
    >
      Create Account
    </a>
  </div>
</div>
`;
