// Jest Snapshot v1, https://jestjs.io/docs/snapshot-testing

exports[`<HomePage /> should render and match the snapshot 1`] = `
<div>
  <div />
  <div>
    <div>
      <h1
        class="ui header"
      >
        The future is brighter
        <div
          class="sub header"
        >
          <span>
            If reducing CO2 was profitable,
          </span>
          <span>
            Would the climate crisis still be a crisis?
          </span>
        </div>
      </h1>
      <a
        class="ui red large button"
        href="http://localhost:3001"
        role="button"
      >
        Start Now
      </a>
    </div>
    <div>
      <div>
        <h4
          class="ui header"
        >
          You’re Wealthier
        </h4>
        <p>
          Your money is always earning. Make it earn for you.
        </p>
        <a
          href="/compare"
        >
          Learn More
          <div
            class="undefined x2spaceBefore"
          />
        </a>
      </div>
      <div>
        <h4
          class="ui header"
        >
          Earth’s Healthier
        </h4>
        <p>
          Be part of the solution. We offset our clients’ CO2.
        </p>
        <a
          href="/wedomore"
        >
          Learn More
          <div
            class="undefined x2spaceBefore"
          />
        </a>
      </div>
    </div>
  </div>
  <div>
    <div
      class="ui stackable center aligned middle aligned equal width grid"
    >
      <div
        class="row"
      >
        <div
          class="two wide column"
        >
          <h2>
            0
          </h2>
          <h4>
            %
          </h4>
          <br />
          Monthly Fees
        </div>
        <div
          class="computer only tablet only one wide column"
        >
          <hr />
        </div>
        <div
          class="two wide column"
        >
          <h2>
            0
          </h2>
          <h4>
            %
          </h4>
          <br />
          Minimums
        </div>
        <div
          class="computer only tablet only one wide column"
        >
          <hr />
        </div>
        <div
          class="three wide column"
        >
          <h2>
            100
          </h2>
          <h4>
            %
          </h4>
          <br />
          Your benefits
        </div>
      </div>
    </div>
  </div>
  <div />
  <div>
    <div>
      <h2
        class="ui header"
      >
        You’re Wealthier
        <div
          class="sub header x5spaceBefore"
        >
          Enjoy the benefits of investment growth on every dollar with our online spending account.
        </div>
      </h2>
    </div>
    <div>
      <div>
        <img
          src="[object Object]"
        />
        <h4
          class="ui header"
        >
          Start Now
        </h4>
        <p>
          The most important ingredient is time. You’re young - maximize your benefit!
        </p>
      </div>
      <div>
        <a
          href="/blog/start-now"
        >
          Learn Your Edge
          <div
            class="undefined x2spaceBefore"
          />
        </a>
      </div>
    </div>
    <div>
      <div>
        <img
          src="[object Object]"
        />
        <h4
          class="ui header"
        >
          The Best Investment
        </h4>
        <p>
          Why settle? Our time-tested strategy has the best long-term results.
        </p>
      </div>
      <div>
        <a
          href="/compare"
        >
          Compare Us
          <div
            class="undefined x2spaceBefore"
          />
        </a>
      </div>
    </div>
    <div>
      <img
        src="[object Object]"
      />
    </div>
    <div>
      <div>
        <img
          src="[object Object]"
        />
        <h4
          class="ui header"
        >
          Maximum Growth
        </h4>
        <p>
          Add $250000 to your retirement - with no money down.
        </p>
      </div>
      <div>
        <a
          href="/blog/think-investing-is-only-for-the-wealthy--think-again"
        >
          How Anyone Can Get Rich Slow
          <div
            class="undefined x2spaceBefore"
          />
        </a>
      </div>
    </div>
    <div>
      <div>
        <img
          src="[object Object]"
        />
        <h4
          class="ui header"
        >
          Keep Your Profits
        </h4>
        <p>
          Every dollar earns every day. As a non-profit, we want you to keep that benefit.
        </p>
      </div>
      <div>
        <a
          href="/healthier"
        >
          Who Wins?
          <div
            class="undefined x2spaceBefore"
          />
        </a>
      </div>
    </div>
  </div>
  <div>
    <h3
      class="ui header"
    >
      TheCoin is a revolutionary new kind of account.
    </h3>
    <div>
      <a
        class="ui red large button"
        href="http://localhost:3001/#/addAccount"
        role="button"
      >
        Create Account
      </a>
    </div>
  </div>
  <div>
    <div>
      <img
        src="[object Object]"
      />
    </div>
    <div>
      <h2
        class="ui header"
      >
        Earths’ Healthier
        <div
          class="sub header x5spaceBefore"
        >
          <span>
            You can become CO2-neutral with TheCoin
          </span>
          <span>
            as we work to offset our clients’ emissions.
          </span>
        </div>
      </h2>
      <div>
        <div>
          <div>
            <img
              src="[object Object]"
            />
            <h4
              class="ui header"
            >
              Make a Difference
            </h4>
            <p>
              Offsetting CO2 is effective. Extremely effective!
            </p>
          </div>
          <div>
            <a
              href="/healthier"
            >
              Compare Outcomes
              <div
                class="undefined x2spaceBefore"
              />
            </a>
          </div>
        </div>
        <div>
          <div>
            <img
              src="[object Object]"
            />
            <h4
              class="ui header"
            >
              Scientifically Verified
            </h4>
            <p>
              Prove it? We’d love to!
            </p>
          </div>
          <div>
            <a
              href="/healthier"
            >
              Why We Can Be So Confident
              <div
                class="undefined x2spaceBefore"
              />
            </a>
          </div>
        </div>
        <div>
          <div>
            <img
              src="[object Object]"
            />
            <h4
              class="ui header"
            >
              We Do More
            </h4>
            <p>
              It’s not just CO2. The projects we fund are vital to restoring our ecosystem.
            </p>
          </div>
          <div>
            <a
              href="/healthier"
            >
              What We Do
              <div
                class="undefined x2spaceBefore"
              />
            </a>
          </div>
        </div>
      </div>
    </div>
  </div>
  <div
    class="undefined undefined "
  >
    <h3
      class="ui header"
    >
      The benefits of a chequing, savings, and investing account all in one!
    </h3>
    <a
      class="ui red large button"
      href="http://localhost:3001/#/addAccount"
      role="button"
    >
      Create Account
    </a>
  </div>
</div>
`;
