// Jest Snapshot v1, https://jestjs.io/docs/snapshot-testing

exports[`<App /> should render and match the snapshot 1`] = `
<MediaContextProvider>
  <style>
    .fresnel-container{margin:0;padding:0;}
@media not all and (min-width:0px) and (max-width:767px){.fresnel-at-mobile{display:none!important;}}
@media not all and (min-width:768px) and (max-width:1023px){.fresnel-at-tablet{display:none!important;}}
@media not all and (min-width:1024px) and (max-width:1191px){.fresnel-at-computer{display:none!important;}}
@media not all and (min-width:1192px) and (max-width:1919px){.fresnel-at-largeScreen{display:none!important;}}
@media not all and (min-width:1920px){.fresnel-at-widescreen{display:none!important;}}
@media not all and (max-width:767px){.fresnel-lessThan-tablet{display:none!important;}}
@media not all and (max-width:1023px){.fresnel-lessThan-computer{display:none!important;}}
@media not all and (max-width:1191px){.fresnel-lessThan-largeScreen{display:none!important;}}
@media not all and (max-width:1919px){.fresnel-lessThan-widescreen{display:none!important;}}
@media not all and (min-width:768px){.fresnel-greaterThan-mobile{display:none!important;}}
@media not all and (min-width:1024px){.fresnel-greaterThan-tablet{display:none!important;}}
@media not all and (min-width:1192px){.fresnel-greaterThan-computer{display:none!important;}}
@media not all and (min-width:1920px){.fresnel-greaterThan-largeScreen{display:none!important;}}
@media not all and (min-width:0px){.fresnel-greaterThanOrEqual-mobile{display:none!important;}}
@media not all and (min-width:768px){.fresnel-greaterThanOrEqual-tablet{display:none!important;}}
@media not all and (min-width:1024px){.fresnel-greaterThanOrEqual-computer{display:none!important;}}
@media not all and (min-width:1192px){.fresnel-greaterThanOrEqual-largeScreen{display:none!important;}}
@media not all and (min-width:1920px){.fresnel-greaterThanOrEqual-widescreen{display:none!important;}}
@media not all and (min-width:0px) and (max-width:767px){.fresnel-between-mobile-tablet{display:none!important;}}
@media not all and (min-width:0px) and (max-width:1023px){.fresnel-between-mobile-computer{display:none!important;}}
@media not all and (min-width:0px) and (max-width:1191px){.fresnel-between-mobile-largeScreen{display:none!important;}}
@media not all and (min-width:0px) and (max-width:1919px){.fresnel-between-mobile-widescreen{display:none!important;}}
@media not all and (min-width:768px) and (max-width:1023px){.fresnel-between-tablet-computer{display:none!important;}}
@media not all and (min-width:768px) and (max-width:1191px){.fresnel-between-tablet-largeScreen{display:none!important;}}
@media not all and (min-width:768px) and (max-width:1919px){.fresnel-between-tablet-widescreen{display:none!important;}}
@media not all and (min-width:1024px) and (max-width:1191px){.fresnel-between-computer-largeScreen{display:none!important;}}
@media not all and (min-width:1024px) and (max-width:1919px){.fresnel-between-computer-widescreen{display:none!important;}}
@media not all and (min-width:1192px) and (max-width:1919px){.fresnel-between-largeScreen-widescreen{display:none!important;}}
  </style>
  <div>
    <MainNavigation />
    <div>
      <MainPageTransition>
        <section>
          <Routes />
        </section>
      </MainPageTransition>
    </div>
    <Footer />
  </div>
</MediaContextProvider>
`;
